  0%|          | 0/500 [00:00<?, ?it/s]  0%|          | 0/500 [00:00<?, ?it/s]
Traceback (most recent call last):
  File "/home/luiyusen/projects/bptf_new/fitting_bptf_with_own_implementation.py", line 191, in <module>
    bptf_5mode.fit(Y, max_iter = max_iter, mask=Y_mask, tol=tol, verbose=True)
  File "/home/luiyusen/projects/bptf_new/own_implementation.py", line 482, in fit
    self._update(data, mask, None, **kwargs)
  File "/home/luiyusen/projects/bptf_new/own_implementation.py", line 261, in _update
    self._update_posterior_multinomial(m, data, mask)
  File "/home/luiyusen/projects/bptf_new/own_implementation.py", line 164, in _update_posterior_multinomial
    self.Epsilon_DK_M[m] = self.G_DK_M[m] * unfolding_dot_khatri_rao(
                                            ^^^^^^^^^^^^^^^^^^^^^^^^^
  File "/home/luiyusen/projects/bptf_new/tensor_utility_functions.py", line 52, in unfolding_dot_khatri_rao_memory
    component = multi_mode_dot(
                ^^^^^^^^^^^^^^^
  File "/home/luiyusen/.conda/envs/bptf/lib/python3.11/site-packages/tensorly/tenalg/core_tenalg/n_mode_product.py", line 130, in multi_mode_dot
    res = mode_dot(res, matrix_or_vec, mode - decrement)
          ^^^^^^^^^^^^^^^^^^^^^^^^^^^^^^^^^^^^^^^^^^^^^^
  File "/home/luiyusen/.conda/envs/bptf/lib/python3.11/site-packages/tensorly/tenalg/core_tenalg/n_mode_product.py", line 71, in mode_dot
    res = T.dot(matrix_or_vector, unfold(tensor, mode))
                                  ^^^^^^^^^^^^^^^^^^^^
  File "/home/luiyusen/.conda/envs/bptf/lib/python3.11/site-packages/tensorly/base.py", line 53, in unfold
    return tl.reshape(tl.moveaxis(tensor, mode, 0), (tensor.shape[mode], -1))
           ^^^^^^^^^^^^^^^^^^^^^^^^^^^^^^^^^^^^^^^^^^^^^^^^^^^^^^^^^^^^^^^^^^
  File "/home/luiyusen/.conda/envs/bptf/lib/python3.11/site-packages/tensorly/backend/__init__.py", line 202, in wrapped_backend_method
    return getattr(
           ^^^^^^^^
torch.OutOfMemoryError: CUDA out of memory. Tried to allocate 10.30 GiB. GPU 0 has a total capacity of 79.14 GiB of which 8.10 GiB is free. Including non-PyTorch memory, this process has 71.03 GiB memory in use. Of the allocated memory 69.38 GiB is allocated by PyTorch, and 1.16 GiB is reserved by PyTorch but unallocated. If reserved but unallocated memory is large try setting PYTORCH_CUDA_ALLOC_CONF=expandable_segments:True to avoid fragmentation.  See documentation for Memory Management  (https://pytorch.org/docs/stable/notes/cuda.html#environment-variables)
srun: error: g002: task 0: Exited with exit code 1
