Running on i001-ds   at Tue Apr 22 10:44:01 PM CDT 2025
SLURM_JOB_ID = 412115
python fitting_tensor_factorisation_models.py
<IPython.core.display.Javascript object>
Kernel is restarting...
/home/luiyusen/projects/bptf_new
Including mask
Fitting with BPTF
ITERATION 0:	Time: 0.000000	Objective: -53094739586.45	Change: nan	
Are the shape parameters positive? True
Are the rate parameters positive? True
Are the shape parameters finite? True
Are the rate parameters finite? True
[mode 0]  min uttkrp_DK = 3.243e+06
[mode 0]  min new rate = 3.243e+06   negatives = 0
Is G_DK_M finite before updating? True
Are there NaNs in G_DK_M after updating cache? False
Is G_DK_M finite after updating? True
Are the shape parameters positive? True
Are the rate parameters positive? True
Are the shape parameters finite? True
Are the rate parameters finite? True
[mode 1]  min uttkrp_DK = 7.683e+03
[mode 1]  min new rate = 7.683e+03   negatives = 0
Is G_DK_M finite before updating? True
Are there NaNs in G_DK_M after updating cache? False
Is G_DK_M finite after updating? True
Are the shape parameters positive? True
Are the rate parameters positive? True
Are the shape parameters finite? True
Are the rate parameters finite? True
[mode 2]  min uttkrp_DK = 1.030e+05
[mode 2]  min new rate = 1.030e+05   negatives = 0
Is G_DK_M finite before updating? True
Are there NaNs in G_DK_M after updating cache? False
Is G_DK_M finite after updating? True
Are the shape parameters positive? True
Are the rate parameters positive? True
Are the shape parameters finite? True
Are the rate parameters finite? True
[mode 3]  min uttkrp_DK = 5.233e+03
[mode 3]  min new rate = 5.233e+03   negatives = 0
Is G_DK_M finite before updating? True
Are there NaNs in G_DK_M after updating cache? False
Is G_DK_M finite after updating? True
Are the shape parameters positive? True
Are the rate parameters positive? True
Are the shape parameters finite? True
Are the rate parameters finite? True
[mode 4]  min uttkrp_DK = 4.132e+05
[mode 4]  min new rate = 4.132e+05   negatives = 0
Is G_DK_M finite before updating? True
Are there NaNs in G_DK_M after updating cache? False
Is G_DK_M finite after updating? True
ITERATION 1:	Time: 189.743879	Objective: 277305768.47	Change: 1.00522e+00	
Are the shape parameters positive? True
Are the rate parameters positive? True
Are the shape parameters finite? True
Are the rate parameters finite? True
[mode 0]  min uttkrp_DK = 1.598e+06
[mode 0]  min new rate = 1.598e+06   negatives = 0
Is G_DK_M finite before updating? True
Are there NaNs in G_DK_M after updating cache? False
Is G_DK_M finite after updating? True
Are the shape parameters positive? True
Are the rate parameters positive? True
Are the shape parameters finite? True
Are the rate parameters finite? True
[mode 1]  min uttkrp_DK = 5.047e+03
[mode 1]  min new rate = 5.047e+03   negatives = 0
Is G_DK_M finite before updating? True
Are there NaNs in G_DK_M after updating cache? False
Is G_DK_M finite after updating? True
Are the shape parameters positive? True
Are the rate parameters positive? True
Are the shape parameters finite? True
Are the rate parameters finite? True
[mode 2]  min uttkrp_DK = 9.453e+04
[mode 2]  min new rate = 9.454e+04   negatives = 0
Is G_DK_M finite before updating? True
Are there NaNs in G_DK_M after updating cache? False
Is G_DK_M finite after updating? True
Are the shape parameters positive? True
Are the rate parameters positive? True
Are the shape parameters finite? True
Are the rate parameters finite? True
[mode 3]  min uttkrp_DK = 1.840e+03
[mode 3]  min new rate = 1.840e+03   negatives = 0
Is G_DK_M finite before updating? True
Are there NaNs in G_DK_M after updating cache? False
Is G_DK_M finite after updating? True
Are the shape parameters positive? True
Are the rate parameters positive? True
Are the shape parameters finite? True
Are the rate parameters finite? True
[mode 4]  min uttkrp_DK = 4.307e+05
[mode 4]  min new rate = 4.307e+05   negatives = 0
Is G_DK_M finite before updating? True
Are there NaNs in G_DK_M after updating cache? False
Is G_DK_M finite after updating? True
ITERATION 2:	Time: 190.560963	Objective: 340782641.13	Change: 2.28906e-01	
Are the shape parameters positive? True
Are the rate parameters positive? True
Are the shape parameters finite? True
Are the rate parameters finite? True
[mode 0]  min uttkrp_DK = 1.688e+06
[mode 0]  min new rate = 1.688e+06   negatives = 0
Is G_DK_M finite before updating? True
Are there NaNs in G_DK_M after updating cache? False
Is G_DK_M finite after updating? True
Are the shape parameters positive? True
Are the rate parameters positive? True
Are the shape parameters finite? True
Are the rate parameters finite? True
[mode 1]  min uttkrp_DK = 4.056e+03
[mode 1]  min new rate = 4.056e+03   negatives = 0
Is G_DK_M finite before updating? True
Are there NaNs in G_DK_M after updating cache? False
Is G_DK_M finite after updating? True
Are the shape parameters positive? True
Are the rate parameters positive? True
Are the shape parameters finite? True
Are the rate parameters finite? True
[mode 2]  min uttkrp_DK = 5.046e+04
[mode 2]  min new rate = 5.046e+04   negatives = 0
Is G_DK_M finite before updating? True
Are there NaNs in G_DK_M after updating cache? False
Is G_DK_M finite after updating? True
Are the shape parameters positive? True
Are the rate parameters positive? True
Are the shape parameters finite? True
Are the rate parameters finite? True
[mode 3]  min uttkrp_DK = 6.570e+02
[mode 3]  min new rate = 6.571e+02   negatives = 0
Is G_DK_M finite before updating? True
Are there NaNs in G_DK_M after updating cache? False
Is G_DK_M finite after updating? True
Are the shape parameters positive? True
Are the rate parameters positive? True
Are the shape parameters finite? True
Are the rate parameters finite? True
[mode 4]  min uttkrp_DK = 1.879e+05
[mode 4]  min new rate = 1.879e+05   negatives = 0
Is G_DK_M finite before updating? True
Are there NaNs in G_DK_M after updating cache? False
Is G_DK_M finite after updating? True
ITERATION 3:	Time: 190.432428	Objective: 437299741.02	Change: 2.83222e-01	
Are the shape parameters positive? True
Are the rate parameters positive? True
Are the shape parameters finite? True
Are the rate parameters finite? True
[mode 0]  min uttkrp_DK = 5.734e+05
[mode 0]  min new rate = 5.734e+05   negatives = 0
Is G_DK_M finite before updating? True
Are there NaNs in G_DK_M after updating cache? False
Is G_DK_M finite after updating? True
Are the shape parameters positive? True
Are the rate parameters positive? True
Are the shape parameters finite? True
Are the rate parameters finite? True
[mode 1]  min uttkrp_DK = 1.265e+03
[mode 1]  min new rate = 1.265e+03   negatives = 0
Is G_DK_M finite before updating? True
Are there NaNs in G_DK_M after updating cache? False
Is G_DK_M finite after updating? True
Are the shape parameters positive? True
Are the rate parameters positive? True
Are the shape parameters finite? True
Are the rate parameters finite? True
[mode 2]  min uttkrp_DK = 1.616e+04
[mode 2]  min new rate = 1.616e+04   negatives = 0
Is G_DK_M finite before updating? True
Are there NaNs in G_DK_M after updating cache? False
Is G_DK_M finite after updating? True
Are the shape parameters positive? True
Are the rate parameters positive? True
Are the shape parameters finite? True
Are the rate parameters finite? True
[mode 3]  min uttkrp_DK = 9.642e+01
[mode 3]  min new rate = 9.646e+01   negatives = 0
Is G_DK_M finite before updating? True
Are there NaNs in G_DK_M after updating cache? False
Is G_DK_M finite after updating? True
Are the shape parameters positive? True
Are the rate parameters positive? True
Are the shape parameters finite? True
Are the rate parameters finite? True
[mode 4]  min uttkrp_DK = 6.427e+04
[mode 4]  min new rate = 6.427e+04   negatives = 0
Is G_DK_M finite before updating? True
Are there NaNs in G_DK_M after updating cache? False
Is G_DK_M finite after updating? True
ITERATION 4:	Time: 189.514621	Objective: 539753594.20	Change: 2.34287e-01	
Are the shape parameters positive? True
Are the rate parameters positive? True
Are the shape parameters finite? True
Are the rate parameters finite? True
[mode 0]  min uttkrp_DK = 2.367e+05
[mode 0]  min new rate = 2.367e+05   negatives = 0
Is G_DK_M finite before updating? True
Are there NaNs in G_DK_M after updating cache? False
Is G_DK_M finite after updating? True
Are the shape parameters positive? True
Are the rate parameters positive? True
Are the shape parameters finite? True
Are the rate parameters finite? True
[mode 1]  min uttkrp_DK = 6.384e+02
[mode 1]  min new rate = 6.385e+02   negatives = 0
Is G_DK_M finite before updating? True
Are there NaNs in G_DK_M after updating cache? False
Is G_DK_M finite after updating? True
Are the shape parameters positive? True
Are the rate parameters positive? True
Are the shape parameters finite? True
Are the rate parameters finite? True
[mode 2]  min uttkrp_DK = 9.693e+03
[mode 2]  min new rate = 9.693e+03   negatives = 0
Is G_DK_M finite before updating? True
Are there NaNs in G_DK_M after updating cache? False
Is G_DK_M finite after updating? True
Are the shape parameters positive? True
Are the rate parameters positive? True
Are the shape parameters finite? True
Are the rate parameters finite? True
[mode 3]  min uttkrp_DK = 4.407e+00
[mode 3]  min new rate = 4.414e+00   negatives = 0
Is G_DK_M finite before updating? True
Are there NaNs in G_DK_M after updating cache? False
Is G_DK_M finite after updating? True
Are the shape parameters positive? True
Are the rate parameters positive? True
Are the shape parameters finite? True
Are the rate parameters finite? True
[mode 4]  min uttkrp_DK = 3.781e+04
[mode 4]  min new rate = 3.781e+04   negatives = 0
Is G_DK_M finite before updating? True
Are there NaNs in G_DK_M after updating cache? False
Is G_DK_M finite after updating? True
ITERATION 5:	Time: 189.039260	Objective: 655245741.49	Change: 2.13972e-01	
Are the shape parameters positive? True
Are the rate parameters positive? True
Are the shape parameters finite? True
Are the rate parameters finite? True
[mode 0]  min uttkrp_DK = 1.775e+05
[mode 0]  min new rate = 1.775e+05   negatives = 0
Is G_DK_M finite before updating? True
Are there NaNs in G_DK_M after updating cache? False
Is G_DK_M finite after updating? True
Are the shape parameters positive? True
Are the rate parameters positive? True
Are the shape parameters finite? True
Are the rate parameters finite? True
[mode 1]  min uttkrp_DK = 4.719e+02
[mode 1]  min new rate = 4.720e+02   negatives = 0
Is G_DK_M finite before updating? True
Are there NaNs in G_DK_M after updating cache? False
Is G_DK_M finite after updating? True
Are the shape parameters positive? True
Are the rate parameters positive? True
Are the shape parameters finite? True
Are the rate parameters finite? True
[mode 2]  min uttkrp_DK = 6.123e+03
[mode 2]  min new rate = 6.123e+03   negatives = 0
Is G_DK_M finite before updating? True
Are there NaNs in G_DK_M after updating cache? False
Is G_DK_M finite after updating? True
Are the shape parameters positive? True
Are the rate parameters positive? True
Are the shape parameters finite? True
Are the rate parameters finite? True
[mode 3]  min uttkrp_DK = 1.702e-01
[mode 3]  min new rate = 1.707e-01   negatives = 0
Is G_DK_M finite before updating? True
Are there NaNs in G_DK_M after updating cache? False
Is G_DK_M finite after updating? True
Are the shape parameters positive? True
Are the rate parameters positive? True
Are the shape parameters finite? True
Are the rate parameters finite? True
[mode 4]  min uttkrp_DK = 1.407e+04
[mode 4]  min new rate = 1.407e+04   negatives = 0
Is G_DK_M finite before updating? True
Are there NaNs in G_DK_M after updating cache? False
Is G_DK_M finite after updating? True
ITERATION 6:	Time: 189.510899	Objective: 766272671.27	Change: 1.69443e-01	
Are the shape parameters positive? True
Are the rate parameters positive? True
Are the shape parameters finite? True
Are the rate parameters finite? True
[mode 0]  min uttkrp_DK = 8.034e+04
[mode 0]  min new rate = 8.038e+04   negatives = 0
Is G_DK_M finite before updating? True
Are there NaNs in G_DK_M after updating cache? False
Is G_DK_M finite after updating? True
Are the shape parameters positive? True
Are the rate parameters positive? True
Are the shape parameters finite? True
Are the rate parameters finite? True
[mode 1]  min uttkrp_DK = 2.095e+02
[mode 1]  min new rate = 2.096e+02   negatives = 0
Is G_DK_M finite before updating? True
Are there NaNs in G_DK_M after updating cache? False
Is G_DK_M finite after updating? True
Are the shape parameters positive? True
Are the rate parameters positive? True
Are the shape parameters finite? True
Are the rate parameters finite? True
[mode 2]  min uttkrp_DK = 2.766e+03
[mode 2]  min new rate = 2.766e+03   negatives = 0
Is G_DK_M finite before updating? True
Are there NaNs in G_DK_M after updating cache? False
Is G_DK_M finite after updating? True
Are the shape parameters positive? True
Are the rate parameters positive? True
Are the shape parameters finite? True
Are the rate parameters finite? True
[mode 3]  min uttkrp_DK = 1.122e-02
[mode 3]  min new rate = 1.126e-02   negatives = 0
Is G_DK_M finite before updating? True
Are there NaNs in G_DK_M after updating cache? False
Is G_DK_M finite after updating? True
Are the shape parameters positive? True
Are the rate parameters positive? True
Are the shape parameters finite? True
Are the rate parameters finite? True
[mode 4]  min uttkrp_DK = 7.535e+03
[mode 4]  min new rate = 7.536e+03   negatives = 0
Is G_DK_M finite before updating? True
Are there NaNs in G_DK_M after updating cache? False
Is G_DK_M finite after updating? True
ITERATION 7:	Time: 189.263575	Objective: 866926415.88	Change: 1.31355e-01	
Are the shape parameters positive? True
Are the rate parameters positive? True
Are the shape parameters finite? True
Are the rate parameters finite? True
[mode 0]  min uttkrp_DK = 5.115e+04
[mode 0]  min new rate = 5.120e+04   negatives = 0
Is G_DK_M finite before updating? True
Are there NaNs in G_DK_M after updating cache? False
Is G_DK_M finite after updating? True
Are the shape parameters positive? True
Are the rate parameters positive? True
Are the shape parameters finite? True
Are the rate parameters finite? True
[mode 1]  min uttkrp_DK = 1.346e+02
[mode 1]  min new rate = 1.347e+02   negatives = 0
Is G_DK_M finite before updating? True
Are there NaNs in G_DK_M after updating cache? False
Is G_DK_M finite after updating? True
Are the shape parameters positive? True
Are the rate parameters positive? True
Are the shape parameters finite? True
Are the rate parameters finite? True
[mode 2]  min uttkrp_DK = 2.175e+03
[mode 2]  min new rate = 2.175e+03   negatives = 0
Is G_DK_M finite before updating? True
Are there NaNs in G_DK_M after updating cache? False
Is G_DK_M finite after updating? True
Are the shape parameters positive? True
Are the rate parameters positive? True
Are the shape parameters finite? True
Are the rate parameters finite? True
[mode 3]  min uttkrp_DK = 1.000e-03
[mode 3]  min new rate = 1.002e-03   negatives = 0
Is G_DK_M finite before updating? True
Are there NaNs in G_DK_M after updating cache? False
Is G_DK_M finite after updating? True
Are the shape parameters positive? True
Are the rate parameters positive? True
Are the shape parameters finite? True
Are the rate parameters finite? True
[mode 4]  min uttkrp_DK = 3.842e+03
[mode 4]  min new rate = 3.842e+03   negatives = 0
Is G_DK_M finite before updating? True
Are there NaNs in G_DK_M after updating cache? False
Is G_DK_M finite after updating? True
ITERATION 8:	Time: 189.336583	Objective: 962688319.53	Change: 1.10461e-01	
Are the shape parameters positive? True
Are the rate parameters positive? True
Are the shape parameters finite? True
Are the rate parameters finite? True
[mode 0]  min uttkrp_DK = 3.584e+04
[mode 0]  min new rate = 3.588e+04   negatives = 0
Is G_DK_M finite before updating? True
Are there NaNs in G_DK_M after updating cache? False
Is G_DK_M finite after updating? True
Are the shape parameters positive? True
Are the rate parameters positive? True
Are the shape parameters finite? True
Are the rate parameters finite? True
[mode 1]  min uttkrp_DK = 8.634e+01
[mode 1]  min new rate = 8.647e+01   negatives = 0
Is G_DK_M finite before updating? True
Are there NaNs in G_DK_M after updating cache? False
Is G_DK_M finite after updating? True
Are the shape parameters positive? True
Are the rate parameters positive? True
Are the shape parameters finite? True
Are the rate parameters finite? True
[mode 2]  min uttkrp_DK = 1.012e+03
[mode 2]  min new rate = 1.012e+03   negatives = 0
Is G_DK_M finite before updating? True
Are there NaNs in G_DK_M after updating cache? False
Is G_DK_M finite after updating? True
Are the shape parameters positive? True
Are the rate parameters positive? True
Are the shape parameters finite? True
Are the rate parameters finite? True
[mode 3]  min uttkrp_DK = 9.010e-05
[mode 3]  min new rate = 9.022e-05   negatives = 0
Is G_DK_M finite before updating? True
Are there NaNs in G_DK_M after updating cache? False
Is G_DK_M finite after updating? True
Are the shape parameters positive? True
Are the rate parameters positive? True
Are the shape parameters finite? True
Are the rate parameters finite? True
[mode 4]  min uttkrp_DK = 1.479e+03
[mode 4]  min new rate = 1.479e+03   negatives = 0
Is G_DK_M finite before updating? True
Are there NaNs in G_DK_M after updating cache? False
Is G_DK_M finite after updating? True
ITERATION 9:	Time: 189.133482	Objective: 1055671074.60	Change: 9.65866e-02	
Are the shape parameters positive? True
Are the rate parameters positive? True
Are the shape parameters finite? True
Are the rate parameters finite? True
[mode 0]  min uttkrp_DK = 1.717e+04
[mode 0]  min new rate = 1.721e+04   negatives = 0
Is G_DK_M finite before updating? True
Are there NaNs in G_DK_M after updating cache? False
Is G_DK_M finite after updating? True
Are the shape parameters positive? True
Are the rate parameters positive? True
Are the shape parameters finite? True
Are the rate parameters finite? True
[mode 1]  min uttkrp_DK = 4.440e+01
[mode 1]  min new rate = 4.452e+01   negatives = 0
Is G_DK_M finite before updating? True
Are there NaNs in G_DK_M after updating cache? False
Is G_DK_M finite after updating? True
Are the shape parameters positive? True
Are the rate parameters positive? True
Are the shape parameters finite? True
Are the rate parameters finite? True
[mode 2]  min uttkrp_DK = 5.790e+02
[mode 2]  min new rate = 5.792e+02   negatives = 0
Is G_DK_M finite before updating? True
Are there NaNs in G_DK_M after updating cache? False
Is G_DK_M finite after updating? True
Are the shape parameters positive? True
Are the rate parameters positive? True
Are the shape parameters finite? True
Are the rate parameters finite? True
[mode 3]  min uttkrp_DK = 8.770e-06
[mode 3]  min new rate = 8.777e-06   negatives = 0
Is G_DK_M finite before updating? True
Are there NaNs in G_DK_M after updating cache? False
Is G_DK_M finite after updating? True
Are the shape parameters positive? True
Are the rate parameters positive? True
Are the shape parameters finite? True
Are the rate parameters finite? True
[mode 4]  min uttkrp_DK = 8.629e+02
[mode 4]  min new rate = 8.629e+02   negatives = 0
Is G_DK_M finite before updating? True
Are there NaNs in G_DK_M after updating cache? False
Is G_DK_M finite after updating? True
ITERATION 10:	Time: 190.248136	Objective: 1129022657.68	Change: 6.94834e-02	
Are the shape parameters positive? True
Are the rate parameters positive? True
Are the shape parameters finite? True
Are the rate parameters finite? True
[mode 0]  min uttkrp_DK = 1.223e+04
[mode 0]  min new rate = 1.227e+04   negatives = 0
Is G_DK_M finite before updating? True
Are there NaNs in G_DK_M after updating cache? False
Is G_DK_M finite after updating? True
Are the shape parameters positive? True
Are the rate parameters positive? True
Are the shape parameters finite? True
Are the rate parameters finite? True
[mode 1]  min uttkrp_DK = 4.647e+01
[mode 1]  min new rate = 4.658e+01   negatives = 0
Is G_DK_M finite before updating? True
Are there NaNs in G_DK_M after updating cache? False
Is G_DK_M finite after updating? True
Are the shape parameters positive? True
Are the rate parameters positive? True
Are the shape parameters finite? True
Are the rate parameters finite? True
[mode 2]  min uttkrp_DK = 6.800e+02
[mode 2]  min new rate = 6.801e+02   negatives = 0
Is G_DK_M finite before updating? True
Are there NaNs in G_DK_M after updating cache? False
Is G_DK_M finite after updating? True
Are the shape parameters positive? True
Are the rate parameters positive? True
Are the shape parameters finite? True
Are the rate parameters finite? True
[mode 3]  min uttkrp_DK = 1.690e-06
[mode 3]  min new rate = 1.691e-06   negatives = 0
Is G_DK_M finite before updating? True
Are there NaNs in G_DK_M after updating cache? False
Is G_DK_M finite after updating? True
Are the shape parameters positive? True
Are the rate parameters positive? True
Are the shape parameters finite? True
Are the rate parameters finite? True
[mode 4]  min uttkrp_DK = 1.106e+03
[mode 4]  min new rate = 1.106e+03   negatives = 0
Is G_DK_M finite before updating? True
Are there NaNs in G_DK_M after updating cache? False
Is G_DK_M finite after updating? True
ITERATION 11:	Time: 228.498596	Objective: 1113826776.21	Change: -1.34593e-02	
