Running on h001   at Sat May 17 03:40:25 PM CDT 2025
SLURM_JOB_ID = 429546
python running_data_separately_and_combined.py --n_components_combined '300'
/home/luiyusen/projects/bptf_new
64
Components for each model: {'combined': 300, 'icews': 100, 'gdelt': 100, 'terrier': 100}
running_data_separately_and_combined_plots_300_components/combined exists
running_data_separately_and_combined_plots_300_components/icews exists
running_data_separately_and_combined_plots_300_components/gdelt exists
running_data_separately_and_combined_plots_300_components/terrier exists
  database  index
0  TERRIER      0
1    ICEWS      1
2    GDELT      2
Fitting for combined
Number of negative deltas: 0
When do they occur? []
what is their magnitude? []
Fitting for icews
Number of negative deltas: 0
When do they occur? []
what is their magnitude? []
Fitting for gdelt
Number of negative deltas: 0
When do they occur? []
what is their magnitude? []
Fitting for terrier
Number of negative deltas: 0
When do they occur? []
what is their magnitude? []
Finished at Sat May 17 08:53:53 PM CDT 2025
