Running on j001-ds   at Sat May 24 04:03:00 AM CDT 2025
SLURM_JOB_ID = 439092
srun --exclusive python running_data_separately_and_combined.py        --n_components_combined 600        --n_components_per_database -1        
/home/luiyusen/projects/bptf_new
32
Components for each model: {'combined': 600, 'icews': 200, 'gdelt': 200, 'terrier': 200}
running_data_separately_and_combined_plots_600_200_components/combined created
running_data_separately_and_combined_plots_600_200_components/icews created
running_data_separately_and_combined_plots_600_200_components/gdelt created
running_data_separately_and_combined_plots_600_200_components/terrier created
Created running_data_separately_and_combined_plots_600_200_components/matching_components
running_data_separately_and_combined_tensor.pkl and running_data_separately_and_combined_namelists.pkl exist. Reading them now
Fitting for combined
Fitting for icews
Fitting for gdelt
Fitting for terrier
['ICEWS', 'TERRIER', 'GDELT', 'entropy', 'combined_index']
     combined_index  icews_index  ...   entropy  entropy_rank
12               12          NaN  ...  1.098612             0
474             474          NaN  ...  1.098612             1
24               24          NaN  ...  1.098612             2
25               25          NaN  ...  1.098612             3
30               30          NaN  ...  1.098612             4

[5 rows x 6 columns]
Finished at Sat May 24 12:50:45 PM CDT 2025
