Running on j002-ds   at Fri May 16 06:41:08 PM CDT 2025
SLURM_JOB_ID = 429104
python running_data_separately_and_combined.py --n_components_combined '150'
/home/luiyusen/projects/bptf_new
32
Components for each model: {'combined': 150, 'icews': 50, 'gdelt': 50, 'terrier': 50}
running_data_separately_and_combined_plots_150_components/combined exists
running_data_separately_and_combined_plots_150_components/icews exists
running_data_separately_and_combined_plots_150_components/gdelt exists
running_data_separately_and_combined_plots_150_components/terrier exists
  database  index
0  TERRIER      0
1    ICEWS      1
2    GDELT      2
Fitting for combined
Number of negative deltas: 0
When do they occur? []
what is their magnitude? []
Fitting for icews
Number of negative deltas: 0
When do they occur? []
what is their magnitude? []
Fitting for gdelt
Number of negative deltas: 0
When do they occur? []
what is their magnitude? []
Fitting for terrier
Number of negative deltas: 0
When do they occur? []
what is their magnitude? []
Finished at Sat May 17 02:43:45 AM CDT 2025
