Running on j005-ds   at Sun May 25 07:55:28 PM CDT 2025
SLURM_JOB_ID = 439541
srun --exclusive python running_data_separately_and_combined.py        --n_components_combined 150        --n_components_per_database -1        
/home/luiyusen/projects/bptf_new
32
Components for each model: {'combined': 150, 'icews': 50, 'gdelt': 50, 'terrier': 50}
running_data_separately_and_combined_plots_150_50_components/combined exists
running_data_separately_and_combined_plots_150_50_components/icews exists
running_data_separately_and_combined_plots_150_50_components/gdelt exists
running_data_separately_and_combined_plots_150_50_components/terrier exists
Reset running_data_separately_and_combined_plots_150_50_components/matching_components
running_data_separately_and_combined_tensor.pkl and running_data_separately_and_combined_namelists.pkl exist. Reading them now
Fitting for combined
Fitting for icews
Fitting for gdelt
Fitting for terrier
['ICEWS', 'TERRIER', 'GDELT', 'entropy', 'combined_index']
    combined_index  icews_index  ...   entropy  entropy_rank
80              80          NaN  ...  1.098612             0
44              44          NaN  ...  1.098612             1
39              39          NaN  ...  1.098612             2
37              37          NaN  ...  1.098612             3
30              30          NaN  ...  1.098612             4

[5 rows x 6 columns]
Finished at Sun May 25 08:02:07 PM CDT 2025
