Running on j004-ds   at Sat May 24 04:02:48 AM CDT 2025
SLURM_JOB_ID = 439091
srun --exclusive python running_data_separately_and_combined.py        --n_components_combined 300        --n_components_per_database -1        
/home/luiyusen/projects/bptf_new
32
Components for each model: {'combined': 300, 'icews': 100, 'gdelt': 100, 'terrier': 100}
running_data_separately_and_combined_plots_300_100_components/combined created
running_data_separately_and_combined_plots_300_100_components/icews created
running_data_separately_and_combined_plots_300_100_components/gdelt created
running_data_separately_and_combined_plots_300_100_components/terrier created
Created running_data_separately_and_combined_plots_300_100_components/matching_components
running_data_separately_and_combined_tensor.pkl and running_data_separately_and_combined_namelists.pkl exist. Reading them now
Fitting for combined
Fitting for icews
Fitting for gdelt
Fitting for terrier
['ICEWS', 'TERRIER', 'GDELT', 'entropy', 'combined_index']
     combined_index  icews_index  ...   entropy  entropy_rank
19               19          NaN  ...  1.098612             0
20               20          NaN  ...  1.098612             1
110             110          NaN  ...  1.098612             2
101             101          NaN  ...  1.098612             3
77               77          NaN  ...  1.098612             4

[5 rows x 6 columns]
Finished at Sat May 24 09:03:34 AM CDT 2025
