Running on j002-ds   at Mon May 26 10:20:09 AM CDT 2025
SLURM_JOB_ID = 439770
srun --exclusive python running_data_separately_and_combined.py        --n_components_combined 300        --n_components_per_database 300        
/home/luiyusen/projects/bptf_new
32
Components for each model: {'combined': 300, 'icews': 300, 'gdelt': 300, 'terrier': 300}
running_data_separately_and_combined_plots_300_300_components/combined exists
running_data_separately_and_combined_plots_300_300_components/icews exists
running_data_separately_and_combined_plots_300_300_components/gdelt exists
running_data_separately_and_combined_plots_300_300_components/terrier exists
Reset running_data_separately_and_combined_plots_300_300_components/matching_components
running_data_separately_and_combined_tensor.pkl and running_data_separately_and_combined_namelists.pkl exist. Reading them now
Fitting for combined
Fitting for icews
Fitting for gdelt
Fitting for terrier
['ICEWS', 'TERRIER', 'GDELT', 'entropy', 'combined_index']
     combined_index  icews_index  ...   entropy  entropy_rank
19               19            8  ...  1.098612             0
20               20           13  ...  1.098612             1
110             110           17  ...  1.098612             2
101             101          135  ...  1.098612             3
77               77            5  ...  1.098612             4

[5 rows x 6 columns]
Finished at Mon May 26 05:39:38 PM CDT 2025
