Running on m002   at Sat May 24 05:27:11 PM CDT 2025
SLURM_JOB_ID = 439222
srun --exclusive python running_data_separately_and_combined.py        --n_components_combined 300        --n_components_per_database 300        
/home/luiyusen/projects/bptf_new
64
Components for each model: {'combined': 300, 'icews': 300, 'gdelt': 300, 'terrier': 300}
running_data_separately_and_combined_plots_300_300_components/combined created
running_data_separately_and_combined_plots_300_300_components/icews created
running_data_separately_and_combined_plots_300_300_components/gdelt created
running_data_separately_and_combined_plots_300_300_components/terrier created
Created running_data_separately_and_combined_plots_300_300_components/matching_components
running_data_separately_and_combined_tensor.pkl and running_data_separately_and_combined_namelists.pkl exist. Reading them now
Fitting for combined
Fitting for icews
Fitting for gdelt
Fitting for terrier
['ICEWS', 'TERRIER', 'GDELT', 'entropy', 'combined_index']
     combined_index  icews_index  ...   entropy  entropy_rank
101             101           15  ...  1.098612             0
110             110           13  ...  1.098612             1
20               20           16  ...  1.098612             2
19               19            8  ...  1.098612             3
77               77            5  ...  1.098612             4

[5 rows x 6 columns]
Finished at Sat May 24 10:07:19 PM CDT 2025
