Running on m001   at Fri May 30 12:33:21 AM CDT 2025
SLURM_JOB_ID = 443783
srun --exclusive python running_data_separately_and_combined.py        --n_components_combined 150        --n_components_per_database 50        --force_diagonals_zero
/home/luiyusen/projects/bptf_new
64
Components for each model: {'combined': 150, 'icews': 50, 'gdelt': 50, 'terrier': 50}
running_data_separately_and_combined_plots_150_50_components/combined exists
running_data_separately_and_combined_plots_150_50_components/icews exists
running_data_separately_and_combined_plots_150_50_components/gdelt exists
running_data_separately_and_combined_plots_150_50_components/terrier exists
Reset running_data_separately_and_combined_plots_150_50_components/matching_components
running_data_separately_and_combined_tensor.pkl and running_data_separately_and_combined_namelists.pkl exist. Reading them now
Removing self actions
Fitting for combined
Fitting for icews
Fitting for gdelt
Fitting for terrier
['ICEWS', 'TERRIER', 'GDELT', 'entropy', 'combined_index']
     combined_index  icews_index  ...   entropy  entropy_rank
56               56         30.0  ...  0.648373             0
127             127         14.0  ...  0.442774             1
15               15          NaN  ...  0.394324             2
128             128         42.0  ...  0.305577             3
26               26          NaN  ...  0.302737             4

[5 rows x 6 columns]
Finished at Fri May 30 04:47:31 AM CDT 2025
