Running on j001-ds   at Sun May 25 03:43:08 PM CDT 2025
SLURM_JOB_ID = 439481
srun --exclusive python running_data_separately_and_combined.py        --n_components_combined 150        --n_components_per_database -1        
/home/luiyusen/projects/bptf_new
32
Components for each model: {'combined': 150, 'icews': 50, 'gdelt': 50, 'terrier': 50}
running_data_separately_and_combined_plots_150_50_components/combined exists
running_data_separately_and_combined_plots_150_50_components/icews exists
running_data_separately_and_combined_plots_150_50_components/gdelt exists
running_data_separately_and_combined_plots_150_50_components/terrier exists
Reset running_data_separately_and_combined_plots_150_50_components/matching_components
running_data_separately_and_combined_tensor.pkl and running_data_separately_and_combined_namelists.pkl exist. Reading them now
Fitting for combined
Fitting for icews
Fitting for gdelt
Fitting for terrier
['ICEWS', 'TERRIER', 'GDELT', 'entropy', 'combined_index']
     combined_index  icews_index  ...   entropy  entropy_rank
56               56         20.0  ...  0.554036             0
127             127         14.0  ...  0.463818             1
15               15          NaN  ...  0.407836             2
102             102         49.0  ...  0.323096             3
128             128         42.0  ...  0.310736             4

[5 rows x 6 columns]
Finished at Sun May 25 05:30:21 PM CDT 2025
