Running on m001   at Fri May 23 09:45:11 AM CDT 2025
SLURM_JOB_ID = 438604
srun --exclusive python running_data_separately_and_combined.py        --n_components_combined 150        --n_components_per_database -1        
/home/luiyusen/projects/bptf_new
64
Components for each model: {'combined': 150, 'icews': 50, 'gdelt': 50, 'terrier': 50}
running_data_separately_and_combined_plots_150_50_components/combined exists
running_data_separately_and_combined_plots_150_50_components/icews exists
running_data_separately_and_combined_plots_150_50_components/gdelt exists
running_data_separately_and_combined_plots_150_50_components/terrier exists
Reset running_data_separately_and_combined_plots_150_50_components/matching_components
  database  index
0  TERRIER      0
1    ICEWS      1
2    GDELT      2
Fitting for combined
Fitting for icews
Fitting for gdelt
Fitting for terrier
['ICEWS', 'TERRIER', 'GDELT', 'entropy', 'combined_index']
     combined_index  icews_index  ...       entropy  entropy_rank
92               92          NaN  ...  1.626488e-10             0
146             146          NaN  ...  2.012087e-10             1
13               13         20.0  ...  2.061222e-10             2
143             143          NaN  ...  2.222456e-10             3
100             100          NaN  ...  2.444306e-10             4

[5 rows x 6 columns]
Finished at Fri May 23 12:10:58 PM CDT 2025
