Running on j003-ds   at Thu May 15 08:01:00 PM CDT 2025
SLURM_JOB_ID = 428792
python running_data_separately_and_combined.py --n_components_combined '450'
/home/luiyusen/projects/bptf_new
Components for each model: {'combined': 450, 'icews': 150, 'gdelt': 150, 'terrier': 150}
running_data_separately_and_combined_plots_450_components/combined exists
running_data_separately_and_combined_plots_450_components/icews exists
running_data_separately_and_combined_plots_450_components/gdelt exists
running_data_separately_and_combined_plots_450_components/terrier exists
  database  index
0  TERRIER      0
1    ICEWS      1
2    GDELT      2
Fitting for combined
Number of negative deltas: 0
When do they occur? []
what is their magnitude? []
Fitting for icews
Number of negative deltas: 0
When do they occur? []
what is their magnitude? []
Fitting for gdelt
Number of negative deltas: 0
When do they occur? []
what is their magnitude? []
Fitting for terrier
Number of negative deltas: 0
When do they occur? []
what is their magnitude? []
Finished at Fri May 16 02:50:42 AM CDT 2025
