Running on j005-ds   at Mon May 26 10:20:01 AM CDT 2025
SLURM_JOB_ID = 439767
srun --exclusive python running_data_separately_and_combined.py        --n_components_combined 150        --n_components_per_database 150        
/home/luiyusen/projects/bptf_new
32
Components for each model: {'combined': 150, 'icews': 150, 'gdelt': 150, 'terrier': 150}
running_data_separately_and_combined_plots_150_150_components/combined exists
running_data_separately_and_combined_plots_150_150_components/icews exists
running_data_separately_and_combined_plots_150_150_components/gdelt exists
running_data_separately_and_combined_plots_150_150_components/terrier exists
Reset running_data_separately_and_combined_plots_150_150_components/matching_components
running_data_separately_and_combined_tensor.pkl and running_data_separately_and_combined_namelists.pkl exist. Reading them now
Fitting for combined
Fitting for icews
Fitting for gdelt
Fitting for terrier
['ICEWS', 'TERRIER', 'GDELT', 'entropy', 'combined_index']
     combined_index  icews_index  ...   entropy  entropy_rank
56               56          103  ...  0.554036             0
127             127           26  ...  0.463818             1
15               15           83  ...  0.407836             2
102             102          136  ...  0.323096             3
128             128           75  ...  0.310736             4

[5 rows x 6 columns]
Finished at Mon May 26 01:22:24 PM CDT 2025
