Running on j005-ds   at Thu May 15 08:01:03 PM CDT 2025
SLURM_JOB_ID = 428793
python running_data_separately_and_combined.py --n_components_combined '600'
/home/luiyusen/projects/bptf_new
Components for each model: {'combined': 600, 'icews': 200, 'gdelt': 200, 'terrier': 200}
running_data_separately_and_combined_plots_600_components/combined exists
running_data_separately_and_combined_plots_600_components/icews exists
running_data_separately_and_combined_plots_600_components/gdelt exists
running_data_separately_and_combined_plots_600_components/terrier exists
  database  index
0  TERRIER      0
1    ICEWS      1
2    GDELT      2
Fitting for combined
Number of negative deltas: 0
When do they occur? []
what is their magnitude? []
Fitting for icews
Number of negative deltas: 0
When do they occur? []
what is their magnitude? []
Fitting for gdelt
Number of negative deltas: 0
When do they occur? []
what is their magnitude? []
Fitting for terrier
Number of negative deltas: 0
When do they occur? []
what is their magnitude? []
Finished at Fri May 16 05:11:55 AM CDT 2025
