Running on g002   at Thu May 15 03:47:29 PM CDT 2025
SLURM_JOB_ID = 428601
python running_data_separately_and_combined.py
/home/luiyusen/projects/bptf_new
64
running_data_separately_and_combined_plots/combined exists
running_data_separately_and_combined_plots/icews exists
running_data_separately_and_combined_plots/gdelt exists
running_data_separately_and_combined_plots/terrier exists
  database  index
0  TERRIER      0
1    ICEWS      1
2    GDELT      2
Fitting for combined
Number of negative deltas: 0
When do they occur? []
what is their magnitude? []
Fitting for icews
Number of negative deltas: 0
When do they occur? []
what is their magnitude? []
Fitting for gdelt
Number of negative deltas: 0
When do they occur? []
what is their magnitude? []
Fitting for terrier
Number of negative deltas: 0
When do they occur? []
what is their magnitude? []
Finished at Thu May 15 07:23:30 PM CDT 2025
